2022/08/08 21:11:22 lesson.go:21: Exit open dhaifhaofheohfa: The system cannot find the file specified.
